app/cheapests/cheapest-fares-client.tsx(191,50): error TS2322: Type '{ fare: number; originCity: string; category: string; id: string; slug: string; origin: string; destination: string; distance: number; duration: string; description: string; routeImage?: string; ... 15 more ...; media?: { description: string; mapEmbedUrl?: string; }; }' is not assignable to type 'TaxiRoute & { fare: number; }'.
  Type '{ fare: number; originCity: string; category: string; id: string; slug: string; origin: string; destination: string; distance: number; duration: string; description: string; routeImage?: string; ... 15 more ...; media?: { description: string; mapEmbedUrl?: string; }; }' is not assignable to type 'TaxiRoute'.
    Types of property 'category' are incompatible.
      Type 'string' is not assignable to type '"regular" | "uttarakhand" | "madhyapradesh" | "rajasthan" | "bihar" | "delhi-NCR" | undefined'.
app/cheapests/cheapest-fares-client.tsx(230,58): error TS2322: Type '{ fare: number; originCity: string; category: string; id: string; slug: string; origin: string; destination: string; distance: number; duration: string; description: string; routeImage?: string; ... 15 more ...; media?: { description: string; mapEmbedUrl?: string; }; }' is not assignable to type 'TaxiRoute & { fare: number; }'.
  Type '{ fare: number; originCity: string; category: string; id: string; slug: string; origin: string; destination: string; distance: number; duration: string; description: string; routeImage?: string; ... 15 more ...; media?: { description: string; mapEmbedUrl?: string; }; }' is not assignable to type 'TaxiRoute'.
    Types of property 'category' are incompatible.
      Type 'string' is not assignable to type '"regular" | "uttarakhand" | "madhyapradesh" | "rajasthan" | "bihar" | "delhi-NCR" | undefined'.
app/cheapests/cheapest-fares-client.tsx(251,58): error TS2322: Type '{ fare: number; originCity: string; category: string; id: string; slug: string; origin: string; destination: string; distance: number; duration: string; description: string; routeImage?: string; ... 15 more ...; media?: { description: string; mapEmbedUrl?: string; }; }' is not assignable to type 'TaxiRoute & { fare: number; }'.
  Type '{ fare: number; originCity: string; category: string; id: string; slug: string; origin: string; destination: string; distance: number; duration: string; description: string; routeImage?: string; ... 15 more ...; media?: { description: string; mapEmbedUrl?: string; }; }' is not assignable to type 'TaxiRoute'.
    Types of property 'category' are incompatible.
      Type 'string' is not assignable to type '"regular" | "uttarakhand" | "madhyapradesh" | "rajasthan" | "bihar" | "delhi-NCR" | undefined'.
app/cheapests/cheapest-fares-client.tsx(272,58): error TS2322: Type '{ fare: number; originCity: string; category: string; id: string; slug: string; origin: string; destination: string; distance: number; duration: string; description: string; routeImage?: string; ... 15 more ...; media?: { description: string; mapEmbedUrl?: string; }; }' is not assignable to type 'TaxiRoute & { fare: number; }'.
  Type '{ fare: number; originCity: string; category: string; id: string; slug: string; origin: string; destination: string; distance: number; duration: string; description: string; routeImage?: string; ... 15 more ...; media?: { description: string; mapEmbedUrl?: string; }; }' is not assignable to type 'TaxiRoute'.
    Types of property 'category' are incompatible.
      Type 'string' is not assignable to type '"regular" | "uttarakhand" | "madhyapradesh" | "rajasthan" | "bihar" | "delhi-NCR" | undefined'.
app/cheapests/cheapest-fares-client.tsx(293,58): error TS2322: Type '{ fare: number; originCity: string; category: string; id: string; slug: string; origin: string; destination: string; distance: number; duration: string; description: string; routeImage?: string; ... 15 more ...; media?: { description: string; mapEmbedUrl?: string; }; }' is not assignable to type 'TaxiRoute & { fare: number; }'.
  Type '{ fare: number; originCity: string; category: string; id: string; slug: string; origin: string; destination: string; distance: number; duration: string; description: string; routeImage?: string; ... 15 more ...; media?: { description: string; mapEmbedUrl?: string; }; }' is not assignable to type 'TaxiRoute'.
    Types of property 'category' are incompatible.
      Type 'string' is not assignable to type '"regular" | "uttarakhand" | "madhyapradesh" | "rajasthan" | "bihar" | "delhi-NCR" | undefined'.
app/cheapests/cheapest-fares-client.tsx(314,58): error TS2322: Type '{ fare: number; originCity: string; category: string; id: string; slug: string; origin: string; destination: string; distance: number; duration: string; description: string; routeImage?: string; ... 15 more ...; media?: { description: string; mapEmbedUrl?: string; }; }' is not assignable to type 'TaxiRoute & { fare: number; }'.
  Type '{ fare: number; originCity: string; category: string; id: string; slug: string; origin: string; destination: string; distance: number; duration: string; description: string; routeImage?: string; ... 15 more ...; media?: { description: string; mapEmbedUrl?: string; }; }' is not assignable to type 'TaxiRoute'.
    Types of property 'category' are incompatible.
      Type 'string' is not assignable to type '"regular" | "uttarakhand" | "madhyapradesh" | "rajasthan" | "bihar" | "delhi-NCR" | undefined'.
app/cheapests/cheapest-fares-client.tsx(335,58): error TS2322: Type '{ fare: number; originCity: string; category: string; id: string; slug: string; origin: string; destination: string; distance: number; duration: string; description: string; routeImage?: string; ... 15 more ...; media?: { description: string; mapEmbedUrl?: string; }; }' is not assignable to type 'TaxiRoute & { fare: number; }'.
  Type '{ fare: number; originCity: string; category: string; id: string; slug: string; origin: string; destination: string; distance: number; duration: string; description: string; routeImage?: string; ... 15 more ...; media?: { description: string; mapEmbedUrl?: string; }; }' is not assignable to type 'TaxiRoute'.
    Types of property 'category' are incompatible.
      Type 'string' is not assignable to type '"regular" | "uttarakhand" | "madhyapradesh" | "rajasthan" | "bihar" | "delhi-NCR" | undefined'.
app/cheapests/cheapest-fares-client.tsx(360,54): error TS2322: Type '{ fare: number; originCity: string; category: string; id: string; slug: string; origin: string; destination: string; distance: number; duration: string; description: string; routeImage?: string; ... 15 more ...; media?: { description: string; mapEmbedUrl?: string; }; }' is not assignable to type 'TaxiRoute & { fare: number; }'.
  Type '{ fare: number; originCity: string; category: string; id: string; slug: string; origin: string; destination: string; distance: number; duration: string; description: string; routeImage?: string; ... 15 more ...; media?: { description: string; mapEmbedUrl?: string; }; }' is not assignable to type 'TaxiRoute'.
    Types of property 'category' are incompatible.
      Type 'string' is not assignable to type '"regular" | "uttarakhand" | "madhyapradesh" | "rajasthan" | "bihar" | "delhi-NCR" | undefined'.
app/fares/fares-client.tsx(191,20): error TS2304: Cannot find name 'RouteCard'.
app/fares/fares-client.tsx(235,54): error TS2322: Type '{ fare: number; originCity: string; category: string; id: string; slug: string; origin: string; destination: string; distance: number; duration: string; description: string; routeImage?: string; ... 15 more ...; media?: { description: string; mapEmbedUrl?: string; }; }' is not assignable to type 'TaxiRoute'.
  Types of property 'category' are incompatible.
    Type 'string' is not assignable to type '"regular" | "uttarakhand" | "madhyapradesh" | "rajasthan" | "bihar" | "delhi-NCR" | undefined'.
app/fares/fares-client.tsx(255,54): error TS2322: Type '{ fare: number; originCity: string; category: string; id: string; slug: string; origin: string; destination: string; distance: number; duration: string; description: string; routeImage?: string; ... 15 more ...; media?: { description: string; mapEmbedUrl?: string; }; }' is not assignable to type 'TaxiRoute'.
  Types of property 'category' are incompatible.
    Type 'string' is not assignable to type '"regular" | "uttarakhand" | "madhyapradesh" | "rajasthan" | "bihar" | "delhi-NCR" | undefined'.
app/fares/fares-client.tsx(275,54): error TS2322: Type '{ fare: number; originCity: string; category: string; id: string; slug: string; origin: string; destination: string; distance: number; duration: string; description: string; routeImage?: string; ... 15 more ...; media?: { description: string; mapEmbedUrl?: string; }; }' is not assignable to type 'TaxiRoute'.
  Types of property 'category' are incompatible.
    Type 'string' is not assignable to type '"regular" | "uttarakhand" | "madhyapradesh" | "rajasthan" | "bihar" | "delhi-NCR" | undefined'.
app/fares/fares-client.tsx(295,54): error TS2322: Type '{ fare: number; originCity: string; category: string; id: string; slug: string; origin: string; destination: string; distance: number; duration: string; description: string; routeImage?: string; ... 15 more ...; media?: { description: string; mapEmbedUrl?: string; }; }' is not assignable to type 'TaxiRoute'.
  Types of property 'category' are incompatible.
    Type 'string' is not assignable to type '"regular" | "uttarakhand" | "madhyapradesh" | "rajasthan" | "bihar" | "delhi-NCR" | undefined'.
app/fares/fares-client.tsx(315,54): error TS2322: Type '{ fare: number; originCity: string; category: string; id: string; slug: string; origin: string; destination: string; distance: number; duration: string; description: string; routeImage?: string; ... 15 more ...; media?: { description: string; mapEmbedUrl?: string; }; }' is not assignable to type 'TaxiRoute'.
  Types of property 'category' are incompatible.
    Type 'string' is not assignable to type '"regular" | "uttarakhand" | "madhyapradesh" | "rajasthan" | "bihar" | "delhi-NCR" | undefined'.
app/fares/fares-client.tsx(335,54): error TS2322: Type '{ fare: number; originCity: string; category: string; id: string; slug: string; origin: string; destination: string; distance: number; duration: string; description: string; routeImage?: string; ... 15 more ...; media?: { description: string; mapEmbedUrl?: string; }; }' is not assignable to type 'TaxiRoute'.
  Types of property 'category' are incompatible.
    Type 'string' is not assignable to type '"regular" | "uttarakhand" | "madhyapradesh" | "rajasthan" | "bihar" | "delhi-NCR" | undefined'.
app/fares/fares-client.tsx(359,50): error TS2322: Type '{ fare: number; originCity: string; category: string; id: string; slug: string; origin: string; destination: string; distance: number; duration: string; description: string; routeImage?: string; ... 15 more ...; media?: { description: string; mapEmbedUrl?: string; }; }' is not assignable to type 'TaxiRoute'.
  Types of property 'category' are incompatible.
    Type 'string' is not assignable to type '"regular" | "uttarakhand" | "madhyapradesh" | "rajasthan" | "bihar" | "delhi-NCR" | undefined'.
